
> smuslest@0.1.0 build
> prisma generate && next build

Environment variables loaded from .env
Prisma schema loaded from prisma\schema.prisma

тЬФ Generated Prisma Client (v5.22.0) to .\node_modules\@prisma\client in 91ms

Start by importing your Prisma Client (See: https://pris.ly/d/importing-client)

Tip: Interested in query caching in just a few lines of code? Try Accelerate today! https://pris.ly/tip-3-accelerate

тЦ▓ Next.js 16.1.6 (Turbopack)
- Environments: .env

  Creating an optimized production build ...
тЬУ Compiled successfully in 5.8s
  Running TypeScript ...
  Collecting page data using 15 workers ...
  Generating static pages using 15 workers (0/22) ...
  Generating static pages using 15 workers (5/22) 
  Generating static pages using 15 workers (10/22) 
  Generating static pages using 15 workers (16/22) 
тЬУ Generating static pages using 15 workers (22/22) in 717.1ms
  Finalizing page optimization ...

Route (app)
тФМ тЧЛ /
тФЬ тЧЛ /_not-found
тФЬ тЧЛ /admin
тФЬ тЧЛ /admin/login
тФЬ тЧЛ /admin/verify-2fa
тФЬ ╞Т /api/address/reverse
тФЬ ╞Т /api/address/search
тФЬ ╞Т /api/admin/login
тФЬ ╞Т /api/admin/logout
тФЬ ╞Т /api/admin/setup-2fa
тФЬ ╞Т /api/admin/verify
тФЬ ╞Т /api/admin/verify-2fa
тФЬ ╞Т /api/auth/[...nextauth]
тФЬ ╞Т /api/auth/otp/send
тФЬ ╞Т /api/auth/register
тФЬ ╞Т /api/orders
тФЬ ╞Т /api/products
тФЬ ╞Т /api/products/[id]
тФЬ тЧЛ /market
тФЬ тЧЛ /offer
тФЬ тЧЛ /privacy
тФЬ тЧЛ /profile
тФФ тЧЛ /terms


╞Т Proxy (Middleware)

тЧЛ  (Static)   prerendered as static content
╞Т  (Dynamic)  server-rendered on demand

